// Jest Snapshot v1, https://goo.gl/fbAQLP

exports[`A select node considers preferred values when resolving value 1`] = `
Object {
  "auto": Object {
    "color": Object {
      "defaultValue": "light-gray",
      "isOptional": false,
      "options": Array [
        Object {
          "id": "light-gray",
          "name": "Light gray",
          "subsets": Object {
            "dolor": true,
            "lorem-ipsum": true,
            "sit-amet": false,
          },
        },
        Object {
          "id": "medium-gray",
          "name": "Medium gray",
          "subsets": Object {
            "dolor": true,
            "lorem-ipsum": true,
            "sit-amet": false,
          },
        },
        Object {
          "id": "dark-gray",
          "name": "Dark gray",
          "subsets": Object {
            "dolor": true,
            "lorem-ipsum": true,
            "sit-amet": false,
          },
        },
        Object {
          "id": "black",
          "name": "Black",
          "subsets": Object {
            "dolor": true,
            "lorem-ipsum": true,
            "sit-amet": true,
          },
        },
        Object {
          "id": "white",
          "name": "White",
          "subsets": Object {
            "dolor": true,
            "lorem-ipsum": true,
            "sit-amet": true,
          },
        },
      ],
      "selectedOption": Object {
        "id": "dark-gray",
        "name": "Dark gray",
        "subsets": Object {
          "dolor": true,
          "lorem-ipsum": true,
          "sit-amet": false,
        },
      },
      "userValue": "orange",
      "value": "dark-gray",
    },
  },
  "current": Object {
    "color": Object {
      "defaultValue": "red",
      "isOptional": false,
      "options": Array [
        Object {
          "id": "red",
          "name": "Red",
          "subsets": Object {
            "dolor": false,
            "lorem-ipsum": true,
            "sit-amet": true,
          },
        },
        Object {
          "id": "green",
          "name": "Green",
          "subsets": Object {
            "dolor": false,
            "lorem-ipsum": true,
            "sit-amet": true,
          },
        },
        Object {
          "id": "blue",
          "name": "Blue",
          "subsets": Object {
            "dolor": false,
            "lorem-ipsum": true,
            "sit-amet": true,
          },
        },
        Object {
          "id": "orange",
          "name": "Orange",
          "subsets": Object {
            "dolor": false,
            "lorem-ipsum": false,
            "sit-amet": true,
          },
        },
        Object {
          "id": "teal",
          "name": "Teal",
          "subsets": Object {
            "dolor": false,
            "lorem-ipsum": false,
            "sit-amet": true,
          },
        },
        Object {
          "id": "tan",
          "name": "Tan",
          "subsets": Object {
            "dolor": false,
            "lorem-ipsum": false,
            "sit-amet": true,
          },
        },
        Object {
          "id": "black",
          "name": "Black",
          "subsets": Object {
            "dolor": true,
            "lorem-ipsum": true,
            "sit-amet": true,
          },
        },
        Object {
          "id": "white",
          "name": "White",
          "subsets": Object {
            "dolor": true,
            "lorem-ipsum": true,
            "sit-amet": true,
          },
        },
      ],
      "selectedOption": Object {
        "id": "orange",
        "name": "Orange",
        "subsets": Object {
          "dolor": false,
          "lorem-ipsum": false,
          "sit-amet": true,
        },
      },
      "userValue": "orange",
      "value": "orange",
    },
    "foo": Object {
      "defaultValue": "lorem-ipsum",
      "isOptional": false,
      "options": Array [
        Object {
          "id": "lorem-ipsum",
          "name": "Lorem Ipsum",
        },
        Object {
          "id": "dolor",
          "name": "Dolor",
        },
        Object {
          "id": "sit-amet",
          "name": "Sit Amet",
        },
      ],
      "selectedOption": Object {
        "id": "sit-amet",
        "name": "Sit Amet",
      },
      "userValue": "sit-amet",
      "value": "sit-amet",
    },
  },
  "next": Object {
    "foo": Object {
      "defaultValue": "lorem-ipsum",
      "isOptional": false,
      "options": Array [
        Object {
          "id": "lorem-ipsum",
          "name": "Lorem Ipsum",
        },
        Object {
          "id": "dolor",
          "name": "Dolor",
        },
        Object {
          "id": "sit-amet",
          "name": "Sit Amet",
        },
      ],
      "selectedOption": Object {
        "id": "dolor",
        "name": "Dolor",
      },
      "userValue": "dolor",
      "value": "dolor",
    },
  },
  "preferredValues": Object {
    "color": Array [
      "dark-gray",
      "orange",
    ],
    "foo": Array [
      undefined,
      "sit-amet",
    ],
  },
  "working": Object {},
}
`;

exports[`A select node considers preferred values when resolving value 2`] = `
Object {
  "auto": Object {
    "color": Object {
      "defaultValue": "light-gray",
      "isOptional": false,
      "options": Array [
        Object {
          "id": "light-gray",
          "name": "Light gray",
          "subsets": Object {
            "dolor": true,
            "lorem-ipsum": true,
            "sit-amet": false,
          },
        },
        Object {
          "id": "medium-gray",
          "name": "Medium gray",
          "subsets": Object {
            "dolor": true,
            "lorem-ipsum": true,
            "sit-amet": false,
          },
        },
        Object {
          "id": "dark-gray",
          "name": "Dark gray",
          "subsets": Object {
            "dolor": true,
            "lorem-ipsum": true,
            "sit-amet": false,
          },
        },
        Object {
          "id": "red",
          "name": "Red",
          "subsets": Object {
            "dolor": false,
            "lorem-ipsum": true,
            "sit-amet": true,
          },
        },
        Object {
          "id": "green",
          "name": "Green",
          "subsets": Object {
            "dolor": false,
            "lorem-ipsum": true,
            "sit-amet": true,
          },
        },
        Object {
          "id": "blue",
          "name": "Blue",
          "subsets": Object {
            "dolor": false,
            "lorem-ipsum": true,
            "sit-amet": true,
          },
        },
        Object {
          "id": "black",
          "name": "Black",
          "subsets": Object {
            "dolor": true,
            "lorem-ipsum": true,
            "sit-amet": true,
          },
        },
        Object {
          "id": "white",
          "name": "White",
          "subsets": Object {
            "dolor": true,
            "lorem-ipsum": true,
            "sit-amet": true,
          },
        },
      ],
      "selectedOption": Object {
        "id": "dark-gray",
        "name": "Dark gray",
        "subsets": Object {
          "dolor": true,
          "lorem-ipsum": true,
          "sit-amet": false,
        },
      },
      "userValue": "orange",
      "value": "dark-gray",
    },
  },
  "current": Object {
    "color": Object {
      "defaultValue": "red",
      "isOptional": false,
      "options": Array [
        Object {
          "id": "red",
          "name": "Red",
          "subsets": Object {
            "dolor": false,
            "lorem-ipsum": true,
            "sit-amet": true,
          },
        },
        Object {
          "id": "green",
          "name": "Green",
          "subsets": Object {
            "dolor": false,
            "lorem-ipsum": true,
            "sit-amet": true,
          },
        },
        Object {
          "id": "blue",
          "name": "Blue",
          "subsets": Object {
            "dolor": false,
            "lorem-ipsum": true,
            "sit-amet": true,
          },
        },
        Object {
          "id": "orange",
          "name": "Orange",
          "subsets": Object {
            "dolor": false,
            "lorem-ipsum": false,
            "sit-amet": true,
          },
        },
        Object {
          "id": "teal",
          "name": "Teal",
          "subsets": Object {
            "dolor": false,
            "lorem-ipsum": false,
            "sit-amet": true,
          },
        },
        Object {
          "id": "tan",
          "name": "Tan",
          "subsets": Object {
            "dolor": false,
            "lorem-ipsum": false,
            "sit-amet": true,
          },
        },
        Object {
          "id": "black",
          "name": "Black",
          "subsets": Object {
            "dolor": true,
            "lorem-ipsum": true,
            "sit-amet": true,
          },
        },
        Object {
          "id": "white",
          "name": "White",
          "subsets": Object {
            "dolor": true,
            "lorem-ipsum": true,
            "sit-amet": true,
          },
        },
      ],
      "selectedOption": Object {
        "id": "orange",
        "name": "Orange",
        "subsets": Object {
          "dolor": false,
          "lorem-ipsum": false,
          "sit-amet": true,
        },
      },
      "userValue": "orange",
      "value": "orange",
    },
    "foo": Object {
      "defaultValue": "lorem-ipsum",
      "isOptional": false,
      "options": Array [
        Object {
          "id": "lorem-ipsum",
          "name": "Lorem Ipsum",
        },
        Object {
          "id": "dolor",
          "name": "Dolor",
        },
        Object {
          "id": "sit-amet",
          "name": "Sit Amet",
        },
      ],
      "selectedOption": Object {
        "id": "sit-amet",
        "name": "Sit Amet",
      },
      "userValue": "sit-amet",
      "value": "sit-amet",
    },
  },
  "next": Object {
    "foo": Object {
      "defaultValue": "lorem-ipsum",
      "isOptional": false,
      "options": Array [
        Object {
          "id": "lorem-ipsum",
          "name": "Lorem Ipsum",
        },
        Object {
          "id": "dolor",
          "name": "Dolor",
        },
        Object {
          "id": "sit-amet",
          "name": "Sit Amet",
        },
      ],
      "selectedOption": Object {
        "id": "lorem-ipsum",
        "name": "Lorem Ipsum",
      },
      "userValue": undefined,
      "value": "lorem-ipsum",
    },
  },
  "preferredValues": Object {
    "color": Array [
      "dark-gray",
      "orange",
    ],
    "foo": Array [
      undefined,
      "sit-amet",
    ],
  },
  "working": Object {},
}
`;

exports[`A select node considers preferred values when resolving value 3`] = `
Object {
  "auto": Object {},
  "current": Object {
    "color": Object {
      "defaultValue": "red",
      "isOptional": false,
      "options": Array [
        Object {
          "id": "red",
          "name": "Red",
          "subsets": Object {
            "dolor": false,
            "lorem-ipsum": true,
            "sit-amet": true,
          },
        },
        Object {
          "id": "green",
          "name": "Green",
          "subsets": Object {
            "dolor": false,
            "lorem-ipsum": true,
            "sit-amet": true,
          },
        },
        Object {
          "id": "blue",
          "name": "Blue",
          "subsets": Object {
            "dolor": false,
            "lorem-ipsum": true,
            "sit-amet": true,
          },
        },
        Object {
          "id": "orange",
          "name": "Orange",
          "subsets": Object {
            "dolor": false,
            "lorem-ipsum": false,
            "sit-amet": true,
          },
        },
        Object {
          "id": "teal",
          "name": "Teal",
          "subsets": Object {
            "dolor": false,
            "lorem-ipsum": false,
            "sit-amet": true,
          },
        },
        Object {
          "id": "tan",
          "name": "Tan",
          "subsets": Object {
            "dolor": false,
            "lorem-ipsum": false,
            "sit-amet": true,
          },
        },
        Object {
          "id": "black",
          "name": "Black",
          "subsets": Object {
            "dolor": true,
            "lorem-ipsum": true,
            "sit-amet": true,
          },
        },
        Object {
          "id": "white",
          "name": "White",
          "subsets": Object {
            "dolor": true,
            "lorem-ipsum": true,
            "sit-amet": true,
          },
        },
      ],
      "selectedOption": Object {
        "id": "orange",
        "name": "Orange",
        "subsets": Object {
          "dolor": false,
          "lorem-ipsum": false,
          "sit-amet": true,
        },
      },
      "userValue": "orange",
      "value": "orange",
    },
    "foo": Object {
      "defaultValue": "lorem-ipsum",
      "isOptional": false,
      "options": Array [
        Object {
          "id": "lorem-ipsum",
          "name": "Lorem Ipsum",
        },
        Object {
          "id": "dolor",
          "name": "Dolor",
        },
        Object {
          "id": "sit-amet",
          "name": "Sit Amet",
        },
      ],
      "selectedOption": Object {
        "id": "sit-amet",
        "name": "Sit Amet",
      },
      "userValue": "sit-amet",
      "value": "sit-amet",
    },
  },
  "next": Object {
    "foo": Object {
      "defaultValue": "lorem-ipsum",
      "isOptional": false,
      "options": Array [
        Object {
          "id": "lorem-ipsum",
          "name": "Lorem Ipsum",
        },
        Object {
          "id": "dolor",
          "name": "Dolor",
        },
        Object {
          "id": "sit-amet",
          "name": "Sit Amet",
        },
      ],
      "selectedOption": Object {
        "id": "sit-amet",
        "name": "Sit Amet",
      },
      "userValue": "sit-amet",
      "value": "sit-amet",
    },
  },
  "preferredValues": Object {
    "color": Array [
      "dark-gray",
      "orange",
    ],
    "foo": Array [
      undefined,
      "sit-amet",
    ],
  },
  "working": Object {},
}
`;

exports[`A select node considers preferred values when resolving value 4`] = `
Object {
  "auto": Object {},
  "current": Object {
    "color": Object {
      "defaultValue": "red",
      "isOptional": false,
      "options": Array [
        Object {
          "id": "red",
          "name": "Red",
          "subsets": Object {
            "dolor": false,
            "lorem-ipsum": true,
            "sit-amet": true,
          },
        },
        Object {
          "id": "green",
          "name": "Green",
          "subsets": Object {
            "dolor": false,
            "lorem-ipsum": true,
            "sit-amet": true,
          },
        },
        Object {
          "id": "blue",
          "name": "Blue",
          "subsets": Object {
            "dolor": false,
            "lorem-ipsum": true,
            "sit-amet": true,
          },
        },
        Object {
          "id": "orange",
          "name": "Orange",
          "subsets": Object {
            "dolor": false,
            "lorem-ipsum": false,
            "sit-amet": true,
          },
        },
        Object {
          "id": "teal",
          "name": "Teal",
          "subsets": Object {
            "dolor": false,
            "lorem-ipsum": false,
            "sit-amet": true,
          },
        },
        Object {
          "id": "tan",
          "name": "Tan",
          "subsets": Object {
            "dolor": false,
            "lorem-ipsum": false,
            "sit-amet": true,
          },
        },
        Object {
          "id": "black",
          "name": "Black",
          "subsets": Object {
            "dolor": true,
            "lorem-ipsum": true,
            "sit-amet": true,
          },
        },
        Object {
          "id": "white",
          "name": "White",
          "subsets": Object {
            "dolor": true,
            "lorem-ipsum": true,
            "sit-amet": true,
          },
        },
      ],
      "selectedOption": Object {
        "id": "orange",
        "name": "Orange",
        "subsets": Object {
          "dolor": false,
          "lorem-ipsum": false,
          "sit-amet": true,
        },
      },
      "userValue": "orange",
      "value": "orange",
    },
    "foo": Object {
      "defaultValue": "lorem-ipsum",
      "isOptional": false,
      "options": Array [
        Object {
          "id": "lorem-ipsum",
          "name": "Lorem Ipsum",
        },
        Object {
          "id": "dolor",
          "name": "Dolor",
        },
        Object {
          "id": "sit-amet",
          "name": "Sit Amet",
        },
      ],
      "selectedOption": Object {
        "id": "sit-amet",
        "name": "Sit Amet",
      },
      "userValue": "sit-amet",
      "value": "sit-amet",
    },
  },
  "next": Object {
    "color": Object {
      "defaultValue": "red",
      "isOptional": false,
      "options": Array [
        Object {
          "id": "red",
          "name": "Red",
          "subsets": Object {
            "dolor": false,
            "lorem-ipsum": true,
            "sit-amet": true,
          },
        },
        Object {
          "id": "green",
          "name": "Green",
          "subsets": Object {
            "dolor": false,
            "lorem-ipsum": true,
            "sit-amet": true,
          },
        },
        Object {
          "id": "blue",
          "name": "Blue",
          "subsets": Object {
            "dolor": false,
            "lorem-ipsum": true,
            "sit-amet": true,
          },
        },
        Object {
          "id": "orange",
          "name": "Orange",
          "subsets": Object {
            "dolor": false,
            "lorem-ipsum": false,
            "sit-amet": true,
          },
        },
        Object {
          "id": "teal",
          "name": "Teal",
          "subsets": Object {
            "dolor": false,
            "lorem-ipsum": false,
            "sit-amet": true,
          },
        },
        Object {
          "id": "tan",
          "name": "Tan",
          "subsets": Object {
            "dolor": false,
            "lorem-ipsum": false,
            "sit-amet": true,
          },
        },
        Object {
          "id": "black",
          "name": "Black",
          "subsets": Object {
            "dolor": true,
            "lorem-ipsum": true,
            "sit-amet": true,
          },
        },
        Object {
          "id": "white",
          "name": "White",
          "subsets": Object {
            "dolor": true,
            "lorem-ipsum": true,
            "sit-amet": true,
          },
        },
      ],
      "selectedOption": Object {
        "id": "red",
        "name": "Red",
        "subsets": Object {
          "dolor": false,
          "lorem-ipsum": true,
          "sit-amet": true,
        },
      },
      "userValue": undefined,
      "value": "red",
    },
    "foo": Object {
      "defaultValue": "lorem-ipsum",
      "isOptional": false,
      "options": Array [
        Object {
          "id": "lorem-ipsum",
          "name": "Lorem Ipsum",
        },
        Object {
          "id": "dolor",
          "name": "Dolor",
        },
        Object {
          "id": "sit-amet",
          "name": "Sit Amet",
        },
      ],
      "selectedOption": Object {
        "id": "sit-amet",
        "name": "Sit Amet",
      },
      "userValue": "sit-amet",
      "value": "sit-amet",
    },
  },
  "preferredValues": Object {
    "color": Array [
      "dark-gray",
      "orange",
    ],
    "foo": Array [
      undefined,
      "sit-amet",
    ],
  },
  "working": Object {},
}
`;

exports[`A select node considers preferred values when resolving value 5`] = `
Object {
  "auto": Object {
    "color": Object {
      "defaultValue": "light-gray",
      "isOptional": false,
      "options": Array [
        Object {
          "id": "light-gray",
          "name": "Light gray",
          "subsets": Object {
            "dolor": true,
            "lorem-ipsum": true,
            "sit-amet": false,
          },
        },
        Object {
          "id": "medium-gray",
          "name": "Medium gray",
          "subsets": Object {
            "dolor": true,
            "lorem-ipsum": true,
            "sit-amet": false,
          },
        },
        Object {
          "id": "dark-gray",
          "name": "Dark gray",
          "subsets": Object {
            "dolor": true,
            "lorem-ipsum": true,
            "sit-amet": false,
          },
        },
        Object {
          "id": "red",
          "name": "Red",
          "subsets": Object {
            "dolor": false,
            "lorem-ipsum": true,
            "sit-amet": true,
          },
        },
        Object {
          "id": "green",
          "name": "Green",
          "subsets": Object {
            "dolor": false,
            "lorem-ipsum": true,
            "sit-amet": true,
          },
        },
        Object {
          "id": "blue",
          "name": "Blue",
          "subsets": Object {
            "dolor": false,
            "lorem-ipsum": true,
            "sit-amet": true,
          },
        },
        Object {
          "id": "black",
          "name": "Black",
          "subsets": Object {
            "dolor": true,
            "lorem-ipsum": true,
            "sit-amet": true,
          },
        },
        Object {
          "id": "white",
          "name": "White",
          "subsets": Object {
            "dolor": true,
            "lorem-ipsum": true,
            "sit-amet": true,
          },
        },
      ],
      "selectedOption": Object {
        "id": "light-gray",
        "name": "Light gray",
        "subsets": Object {
          "dolor": true,
          "lorem-ipsum": true,
          "sit-amet": false,
        },
      },
      "userValue": undefined,
      "value": "light-gray",
    },
  },
  "current": Object {
    "color": Object {
      "defaultValue": "red",
      "isOptional": false,
      "options": Array [
        Object {
          "id": "red",
          "name": "Red",
          "subsets": Object {
            "dolor": false,
            "lorem-ipsum": true,
            "sit-amet": true,
          },
        },
        Object {
          "id": "green",
          "name": "Green",
          "subsets": Object {
            "dolor": false,
            "lorem-ipsum": true,
            "sit-amet": true,
          },
        },
        Object {
          "id": "blue",
          "name": "Blue",
          "subsets": Object {
            "dolor": false,
            "lorem-ipsum": true,
            "sit-amet": true,
          },
        },
        Object {
          "id": "orange",
          "name": "Orange",
          "subsets": Object {
            "dolor": false,
            "lorem-ipsum": false,
            "sit-amet": true,
          },
        },
        Object {
          "id": "teal",
          "name": "Teal",
          "subsets": Object {
            "dolor": false,
            "lorem-ipsum": false,
            "sit-amet": true,
          },
        },
        Object {
          "id": "tan",
          "name": "Tan",
          "subsets": Object {
            "dolor": false,
            "lorem-ipsum": false,
            "sit-amet": true,
          },
        },
        Object {
          "id": "black",
          "name": "Black",
          "subsets": Object {
            "dolor": true,
            "lorem-ipsum": true,
            "sit-amet": true,
          },
        },
        Object {
          "id": "white",
          "name": "White",
          "subsets": Object {
            "dolor": true,
            "lorem-ipsum": true,
            "sit-amet": true,
          },
        },
      ],
      "selectedOption": Object {
        "id": "orange",
        "name": "Orange",
        "subsets": Object {
          "dolor": false,
          "lorem-ipsum": false,
          "sit-amet": true,
        },
      },
      "userValue": "orange",
      "value": "orange",
    },
    "foo": Object {
      "defaultValue": "lorem-ipsum",
      "isOptional": false,
      "options": Array [
        Object {
          "id": "lorem-ipsum",
          "name": "Lorem Ipsum",
        },
        Object {
          "id": "dolor",
          "name": "Dolor",
        },
        Object {
          "id": "sit-amet",
          "name": "Sit Amet",
        },
      ],
      "selectedOption": Object {
        "id": "sit-amet",
        "name": "Sit Amet",
      },
      "userValue": "sit-amet",
      "value": "sit-amet",
    },
  },
  "next": Object {
    "color": Object {
      "defaultValue": "red",
      "isOptional": false,
      "options": Array [
        Object {
          "id": "red",
          "name": "Red",
          "subsets": Object {
            "dolor": false,
            "lorem-ipsum": true,
            "sit-amet": true,
          },
        },
        Object {
          "id": "green",
          "name": "Green",
          "subsets": Object {
            "dolor": false,
            "lorem-ipsum": true,
            "sit-amet": true,
          },
        },
        Object {
          "id": "blue",
          "name": "Blue",
          "subsets": Object {
            "dolor": false,
            "lorem-ipsum": true,
            "sit-amet": true,
          },
        },
        Object {
          "id": "orange",
          "name": "Orange",
          "subsets": Object {
            "dolor": false,
            "lorem-ipsum": false,
            "sit-amet": true,
          },
        },
        Object {
          "id": "teal",
          "name": "Teal",
          "subsets": Object {
            "dolor": false,
            "lorem-ipsum": false,
            "sit-amet": true,
          },
        },
        Object {
          "id": "tan",
          "name": "Tan",
          "subsets": Object {
            "dolor": false,
            "lorem-ipsum": false,
            "sit-amet": true,
          },
        },
        Object {
          "id": "black",
          "name": "Black",
          "subsets": Object {
            "dolor": true,
            "lorem-ipsum": true,
            "sit-amet": true,
          },
        },
        Object {
          "id": "white",
          "name": "White",
          "subsets": Object {
            "dolor": true,
            "lorem-ipsum": true,
            "sit-amet": true,
          },
        },
      ],
      "selectedOption": Object {
        "id": "red",
        "name": "Red",
        "subsets": Object {
          "dolor": false,
          "lorem-ipsum": true,
          "sit-amet": true,
        },
      },
      "userValue": undefined,
      "value": "red",
    },
    "foo": Object {
      "defaultValue": "lorem-ipsum",
      "isOptional": false,
      "options": Array [
        Object {
          "id": "lorem-ipsum",
          "name": "Lorem Ipsum",
        },
        Object {
          "id": "dolor",
          "name": "Dolor",
        },
        Object {
          "id": "sit-amet",
          "name": "Sit Amet",
        },
      ],
      "selectedOption": Object {
        "id": "lorem-ipsum",
        "name": "Lorem Ipsum",
      },
      "userValue": undefined,
      "value": "lorem-ipsum",
    },
  },
  "preferredValues": Object {
    "color": Array [
      "dark-gray",
      "orange",
    ],
    "foo": Array [
      undefined,
      "sit-amet",
    ],
  },
  "working": Object {},
}
`;

exports[`A select node does initialize as expected 1`] = `
Object {
  "auto": Object {},
  "current": Object {
    "color": Object {
      "defaultValue": "light-gray",
      "isOptional": false,
      "options": Array [
        Object {
          "id": "light-gray",
          "name": "Light gray",
          "subsets": Object {
            "dolor": true,
            "lorem-ipsum": true,
            "sit-amet": false,
          },
        },
        Object {
          "id": "medium-gray",
          "name": "Medium gray",
          "subsets": Object {
            "dolor": true,
            "lorem-ipsum": true,
            "sit-amet": false,
          },
        },
        Object {
          "id": "dark-gray",
          "name": "Dark gray",
          "subsets": Object {
            "dolor": true,
            "lorem-ipsum": true,
            "sit-amet": false,
          },
        },
        Object {
          "id": "red",
          "name": "Red",
          "subsets": Object {
            "dolor": false,
            "lorem-ipsum": true,
            "sit-amet": true,
          },
        },
        Object {
          "id": "green",
          "name": "Green",
          "subsets": Object {
            "dolor": false,
            "lorem-ipsum": true,
            "sit-amet": true,
          },
        },
        Object {
          "id": "blue",
          "name": "Blue",
          "subsets": Object {
            "dolor": false,
            "lorem-ipsum": true,
            "sit-amet": true,
          },
        },
        Object {
          "id": "black",
          "name": "Black",
          "subsets": Object {
            "dolor": true,
            "lorem-ipsum": true,
            "sit-amet": true,
          },
        },
        Object {
          "id": "white",
          "name": "White",
          "subsets": Object {
            "dolor": true,
            "lorem-ipsum": true,
            "sit-amet": true,
          },
        },
      ],
      "selectedOption": Object {
        "id": "light-gray",
        "name": "Light gray",
        "subsets": Object {
          "dolor": true,
          "lorem-ipsum": true,
          "sit-amet": false,
        },
      },
      "userValue": undefined,
      "value": "light-gray",
    },
    "foo": Object {
      "defaultValue": "lorem-ipsum",
      "isOptional": false,
      "options": Array [
        Object {
          "id": "lorem-ipsum",
          "name": "Lorem Ipsum",
        },
        Object {
          "id": "dolor",
          "name": "Dolor",
        },
        Object {
          "id": "sit-amet",
          "name": "Sit Amet",
        },
      ],
      "selectedOption": Object {
        "id": "lorem-ipsum",
        "name": "Lorem Ipsum",
      },
      "userValue": undefined,
      "value": "lorem-ipsum",
    },
  },
  "next": Object {},
  "working": Object {},
}
`;

exports[`A select node reacts to changes as expected 1`] = `
Object {
  "auto": Object {
    "color": Object {
      "defaultValue": "red",
      "isOptional": false,
      "options": Array [
        Object {
          "id": "red",
          "name": "Red",
          "subsets": Object {
            "dolor": false,
            "lorem-ipsum": true,
            "sit-amet": true,
          },
        },
        Object {
          "id": "green",
          "name": "Green",
          "subsets": Object {
            "dolor": false,
            "lorem-ipsum": true,
            "sit-amet": true,
          },
        },
        Object {
          "id": "blue",
          "name": "Blue",
          "subsets": Object {
            "dolor": false,
            "lorem-ipsum": true,
            "sit-amet": true,
          },
        },
        Object {
          "id": "orange",
          "name": "Orange",
          "subsets": Object {
            "dolor": false,
            "lorem-ipsum": false,
            "sit-amet": true,
          },
        },
        Object {
          "id": "teal",
          "name": "Teal",
          "subsets": Object {
            "dolor": false,
            "lorem-ipsum": false,
            "sit-amet": true,
          },
        },
        Object {
          "id": "tan",
          "name": "Tan",
          "subsets": Object {
            "dolor": false,
            "lorem-ipsum": false,
            "sit-amet": true,
          },
        },
        Object {
          "id": "black",
          "name": "Black",
          "subsets": Object {
            "dolor": true,
            "lorem-ipsum": true,
            "sit-amet": true,
          },
        },
        Object {
          "id": "white",
          "name": "White",
          "subsets": Object {
            "dolor": true,
            "lorem-ipsum": true,
            "sit-amet": true,
          },
        },
      ],
      "selectedOption": Object {
        "id": "red",
        "name": "Red",
        "subsets": Object {
          "dolor": false,
          "lorem-ipsum": true,
          "sit-amet": true,
        },
      },
      "userValue": undefined,
      "value": "red",
    },
  },
  "current": Object {
    "color": Object {
      "defaultValue": "light-gray",
      "isOptional": false,
      "options": Array [
        Object {
          "id": "light-gray",
          "name": "Light gray",
          "subsets": Object {
            "dolor": true,
            "lorem-ipsum": true,
            "sit-amet": false,
          },
        },
        Object {
          "id": "medium-gray",
          "name": "Medium gray",
          "subsets": Object {
            "dolor": true,
            "lorem-ipsum": true,
            "sit-amet": false,
          },
        },
        Object {
          "id": "dark-gray",
          "name": "Dark gray",
          "subsets": Object {
            "dolor": true,
            "lorem-ipsum": true,
            "sit-amet": false,
          },
        },
        Object {
          "id": "red",
          "name": "Red",
          "subsets": Object {
            "dolor": false,
            "lorem-ipsum": true,
            "sit-amet": true,
          },
        },
        Object {
          "id": "green",
          "name": "Green",
          "subsets": Object {
            "dolor": false,
            "lorem-ipsum": true,
            "sit-amet": true,
          },
        },
        Object {
          "id": "blue",
          "name": "Blue",
          "subsets": Object {
            "dolor": false,
            "lorem-ipsum": true,
            "sit-amet": true,
          },
        },
        Object {
          "id": "black",
          "name": "Black",
          "subsets": Object {
            "dolor": true,
            "lorem-ipsum": true,
            "sit-amet": true,
          },
        },
        Object {
          "id": "white",
          "name": "White",
          "subsets": Object {
            "dolor": true,
            "lorem-ipsum": true,
            "sit-amet": true,
          },
        },
      ],
      "selectedOption": Object {
        "id": "light-gray",
        "name": "Light gray",
        "subsets": Object {
          "dolor": true,
          "lorem-ipsum": true,
          "sit-amet": false,
        },
      },
      "userValue": undefined,
      "value": "light-gray",
    },
    "foo": Object {
      "defaultValue": "lorem-ipsum",
      "isOptional": false,
      "options": Array [
        Object {
          "id": "lorem-ipsum",
          "name": "Lorem Ipsum",
        },
        Object {
          "id": "dolor",
          "name": "Dolor",
        },
        Object {
          "id": "sit-amet",
          "name": "Sit Amet",
        },
      ],
      "selectedOption": Object {
        "id": "lorem-ipsum",
        "name": "Lorem Ipsum",
      },
      "userValue": undefined,
      "value": "lorem-ipsum",
    },
  },
  "next": Object {
    "foo": Object {
      "defaultValue": "lorem-ipsum",
      "isOptional": false,
      "options": Array [
        Object {
          "id": "lorem-ipsum",
          "name": "Lorem Ipsum",
        },
        Object {
          "id": "dolor",
          "name": "Dolor",
        },
        Object {
          "id": "sit-amet",
          "name": "Sit Amet",
        },
      ],
      "selectedOption": Object {
        "id": "sit-amet",
        "name": "Sit Amet",
      },
      "userValue": "sit-amet",
      "value": "sit-amet",
    },
  },
  "working": Object {},
}
`;

exports[`A select node reacts to changes as expected 2`] = `
Object {
  "auto": Object {},
  "current": Object {
    "color": Object {
      "defaultValue": "light-gray",
      "isOptional": false,
      "options": Array [
        Object {
          "id": "light-gray",
          "name": "Light gray",
          "subsets": Object {
            "dolor": true,
            "lorem-ipsum": true,
            "sit-amet": false,
          },
        },
        Object {
          "id": "medium-gray",
          "name": "Medium gray",
          "subsets": Object {
            "dolor": true,
            "lorem-ipsum": true,
            "sit-amet": false,
          },
        },
        Object {
          "id": "dark-gray",
          "name": "Dark gray",
          "subsets": Object {
            "dolor": true,
            "lorem-ipsum": true,
            "sit-amet": false,
          },
        },
        Object {
          "id": "red",
          "name": "Red",
          "subsets": Object {
            "dolor": false,
            "lorem-ipsum": true,
            "sit-amet": true,
          },
        },
        Object {
          "id": "green",
          "name": "Green",
          "subsets": Object {
            "dolor": false,
            "lorem-ipsum": true,
            "sit-amet": true,
          },
        },
        Object {
          "id": "blue",
          "name": "Blue",
          "subsets": Object {
            "dolor": false,
            "lorem-ipsum": true,
            "sit-amet": true,
          },
        },
        Object {
          "id": "black",
          "name": "Black",
          "subsets": Object {
            "dolor": true,
            "lorem-ipsum": true,
            "sit-amet": true,
          },
        },
        Object {
          "id": "white",
          "name": "White",
          "subsets": Object {
            "dolor": true,
            "lorem-ipsum": true,
            "sit-amet": true,
          },
        },
      ],
      "selectedOption": Object {
        "id": "light-gray",
        "name": "Light gray",
        "subsets": Object {
          "dolor": true,
          "lorem-ipsum": true,
          "sit-amet": false,
        },
      },
      "userValue": undefined,
      "value": "light-gray",
    },
    "foo": Object {
      "defaultValue": "lorem-ipsum",
      "isOptional": false,
      "options": Array [
        Object {
          "id": "lorem-ipsum",
          "name": "Lorem Ipsum",
        },
        Object {
          "id": "dolor",
          "name": "Dolor",
        },
        Object {
          "id": "sit-amet",
          "name": "Sit Amet",
        },
      ],
      "selectedOption": Object {
        "id": "lorem-ipsum",
        "name": "Lorem Ipsum",
      },
      "userValue": undefined,
      "value": "lorem-ipsum",
    },
  },
  "next": Object {
    "foo": Object {
      "defaultValue": "lorem-ipsum",
      "isOptional": false,
      "options": Array [
        Object {
          "id": "lorem-ipsum",
          "name": "Lorem Ipsum",
        },
        Object {
          "id": "dolor",
          "name": "Dolor",
        },
        Object {
          "id": "sit-amet",
          "name": "Sit Amet",
        },
      ],
      "selectedOption": Object {
        "id": "lorem-ipsum",
        "name": "Lorem Ipsum",
      },
      "userValue": undefined,
      "value": "lorem-ipsum",
    },
  },
  "working": Object {},
}
`;

exports[`A select node updates preferred values on commit 1`] = `
Object {
  "auto": Object {},
  "current": Object {
    "color": Object {
      "defaultValue": "light-gray",
      "isOptional": false,
      "options": Array [
        Object {
          "id": "light-gray",
          "name": "Light gray",
          "subsets": Object {
            "dolor": true,
            "lorem-ipsum": true,
            "sit-amet": false,
          },
        },
        Object {
          "id": "medium-gray",
          "name": "Medium gray",
          "subsets": Object {
            "dolor": true,
            "lorem-ipsum": true,
            "sit-amet": false,
          },
        },
        Object {
          "id": "dark-gray",
          "name": "Dark gray",
          "subsets": Object {
            "dolor": true,
            "lorem-ipsum": true,
            "sit-amet": false,
          },
        },
        Object {
          "id": "red",
          "name": "Red",
          "subsets": Object {
            "dolor": false,
            "lorem-ipsum": true,
            "sit-amet": true,
          },
        },
        Object {
          "id": "green",
          "name": "Green",
          "subsets": Object {
            "dolor": false,
            "lorem-ipsum": true,
            "sit-amet": true,
          },
        },
        Object {
          "id": "blue",
          "name": "Blue",
          "subsets": Object {
            "dolor": false,
            "lorem-ipsum": true,
            "sit-amet": true,
          },
        },
        Object {
          "id": "black",
          "name": "Black",
          "subsets": Object {
            "dolor": true,
            "lorem-ipsum": true,
            "sit-amet": true,
          },
        },
        Object {
          "id": "white",
          "name": "White",
          "subsets": Object {
            "dolor": true,
            "lorem-ipsum": true,
            "sit-amet": true,
          },
        },
      ],
      "selectedOption": Object {
        "id": "dark-gray",
        "name": "Dark gray",
        "subsets": Object {
          "dolor": true,
          "lorem-ipsum": true,
          "sit-amet": false,
        },
      },
      "userValue": "dark-gray",
      "value": "dark-gray",
    },
    "foo": Object {
      "defaultValue": "lorem-ipsum",
      "isOptional": false,
      "options": Array [
        Object {
          "id": "lorem-ipsum",
          "name": "Lorem Ipsum",
        },
        Object {
          "id": "dolor",
          "name": "Dolor",
        },
        Object {
          "id": "sit-amet",
          "name": "Sit Amet",
        },
      ],
      "selectedOption": Object {
        "id": "lorem-ipsum",
        "name": "Lorem Ipsum",
      },
      "userValue": undefined,
      "value": "lorem-ipsum",
    },
  },
  "next": Object {},
  "preferredValues": Object {
    "color": Array [
      "dark-gray",
    ],
    "foo": Array [
      undefined,
    ],
  },
  "working": Object {},
}
`;

exports[`A select node updates preferred values on commit 2`] = `
Object {
  "auto": Object {},
  "current": Object {
    "color": Object {
      "defaultValue": "red",
      "isOptional": false,
      "options": Array [
        Object {
          "id": "red",
          "name": "Red",
          "subsets": Object {
            "dolor": false,
            "lorem-ipsum": true,
            "sit-amet": true,
          },
        },
        Object {
          "id": "green",
          "name": "Green",
          "subsets": Object {
            "dolor": false,
            "lorem-ipsum": true,
            "sit-amet": true,
          },
        },
        Object {
          "id": "blue",
          "name": "Blue",
          "subsets": Object {
            "dolor": false,
            "lorem-ipsum": true,
            "sit-amet": true,
          },
        },
        Object {
          "id": "orange",
          "name": "Orange",
          "subsets": Object {
            "dolor": false,
            "lorem-ipsum": false,
            "sit-amet": true,
          },
        },
        Object {
          "id": "teal",
          "name": "Teal",
          "subsets": Object {
            "dolor": false,
            "lorem-ipsum": false,
            "sit-amet": true,
          },
        },
        Object {
          "id": "tan",
          "name": "Tan",
          "subsets": Object {
            "dolor": false,
            "lorem-ipsum": false,
            "sit-amet": true,
          },
        },
        Object {
          "id": "black",
          "name": "Black",
          "subsets": Object {
            "dolor": true,
            "lorem-ipsum": true,
            "sit-amet": true,
          },
        },
        Object {
          "id": "white",
          "name": "White",
          "subsets": Object {
            "dolor": true,
            "lorem-ipsum": true,
            "sit-amet": true,
          },
        },
      ],
      "selectedOption": Object {
        "id": "orange",
        "name": "Orange",
        "subsets": Object {
          "dolor": false,
          "lorem-ipsum": false,
          "sit-amet": true,
        },
      },
      "userValue": "orange",
      "value": "orange",
    },
    "foo": Object {
      "defaultValue": "lorem-ipsum",
      "isOptional": false,
      "options": Array [
        Object {
          "id": "lorem-ipsum",
          "name": "Lorem Ipsum",
        },
        Object {
          "id": "dolor",
          "name": "Dolor",
        },
        Object {
          "id": "sit-amet",
          "name": "Sit Amet",
        },
      ],
      "selectedOption": Object {
        "id": "sit-amet",
        "name": "Sit Amet",
      },
      "userValue": "sit-amet",
      "value": "sit-amet",
    },
  },
  "next": Object {},
  "preferredValues": Object {
    "color": Array [
      "dark-gray",
      "orange",
    ],
    "foo": Array [
      undefined,
      "sit-amet",
    ],
  },
  "working": Object {},
}
`;
